Here's the report: 


 Error in backend\routes\webhook.routes.js :
YAMLSemanticError: Nested mappings are not allowed in compact mappings at line 36, column 30:

                description: Event types to receive (default: sale/inventory ev…
                             ^^^^^^^^^^^^^^^^^^^^^^^^^^^^^^^^^^^^^^^^^^^^^^^^^^…

ValidationError: Custom keyGenerator appears to use request IP without calling the ipKeyGenerator helper function for IPv6 addresses. This could allow IPv6 users to bypass limits. See https://express-rate-limit.github.io/ERR_ERL_KEY_GEN_IPV6/ for more information.
    at Object.keyGeneratorIpFallback (E:\Projects\OmniStore_Multi-Tenant\backend\node_modules\express-rate-limit\dist\index.cjs:668:13)
    at wrappedValidations.<computed> [as keyGeneratorIpFallback] (E:\Projects\OmniStore_Multi-Tenant\backend\node_modules\express-rate-limit\dist\index.cjs:720:22)
    at parseOptions (E:\Projects\OmniStore_Multi-Tenant\backend\node_modules\express-rate-limit\dist\index.cjs:797:16)
    at rateLimit (E:\Projects\OmniStore_Multi-Tenant\backend\node_modules\express-rate-limit\dist\index.cjs:879:18)
    at loginRateLimiter (E:\Projects\OmniStore_Multi-Tenant\backend\middleware\security.js:55:10)
    at Object.<anonymous> (E:\Projects\OmniStore_Multi-Tenant\backend\routes\auth.routes.js:35:23)
    at Module._compile (node:internal/modules/cjs/loader:1871:14)
    at Object..js (node:internal/modules/cjs/loader:2002:10)
    at Module.load (node:internal/modules/cjs/loader:1594:32)
    at Module._load (node:internal/modules/cjs/loader:1396:12) {
  code: 'ERR_ERL_KEY_GEN_IPV6',
  help: 'https://express-rate-limit.github.io/ERR_ERL_KEY_GEN_IPV6/'
}
[ERROR] Uncaught exception: listen EADDRINUSE: address already in use :::3001 Error: listen EADDRINUSE: address already in use :::3001
    at Server.setupListenHandle [as _listen2] (node:net:2009:16)
    at listenInCluster (node:net:2066:12)
    at Server.listen (node:net:2171:7)
    at app.listen (E:\Projects\OmniStore_Multi-Tenant\backend\node_modules\express\lib\application.js:635:24)
    at Object.<anonymous> (E:\Projects\OmniStore_Multi-Tenant\backend\server.js:286:22)
    at Module._compile (node:internal/modules/cjs/loader:1871:14)
    at Object..js (node:internal/modules/cjs/loader:2002:10)
    at Module.load (node:internal/modules/cjs/loader:1594:32)
    at Module._load (node:internal/modules/cjs/loader:1396:12)
    at wrapModuleLoad (node:internal/modules/cjs/loader:255:19)
